
Memory Configuration

Name             Origin             Length             Attributes
*default*        0x0000000000000000 0xffffffffffffffff

Linker script and memory map

Address of section .text set to 0x0
LOAD C:\Users\erikb\AppData\Local\Temp\cc3tUuTI.ltrans0.ltrans.o
LOAD C:\Users\erikb\AppData\Local\Temp\ccgfaQ6n.debug.temp.o
LOAD C:\Users\erikb\AppData\Local\Temp\ccMeoYgy.debug.temp.o
LOAD C:\Users\erikb\AppData\Local\Temp\ccieC6qI.debug.temp.o
LOAD C:\Users\erikb\AppData\Local\Temp\cc6YjyMS.debug.temp.o
LOAD C:\Users\erikb\AppData\Local\Temp\ccsr1uf3.debug.temp.o
LOAD C:\Users\erikb\AppData\Local\Temp\cc8xIRJd.debug.temp.o
LOAD C:\Users\erikb\AppData\Local\Temp\ccOEpeeo.debug.temp.o
LOAD C:\Users\erikb\AppData\Local\Temp\ccWJMsNx.debug.temp.o
LOAD C:\Users\erikb\AppData\Local\Temp\ccMbaNxH.debug.temp.o
LOAD C:\Users\erikb\AppData\Local\Temp\ccMC2soR.debug.temp.o
LOAD obj/gcc8_a_support.o
LOAD obj/depacker_doynax.o
                [!provide]                        PROVIDE (__executable_start = SEGMENT_START ("text-segment", 0x80000000))
                0x0000000080000074                . = (SEGMENT_START ("text-segment", 0x80000000) + SIZEOF_HEADERS)

.interp
 *(.interp)

.note.gnu.build-id
 *(.note.gnu.build-id)

.hash
 *(.hash)

.gnu.hash
 *(.gnu.hash)

.dynsym
 *(.dynsym)

.dynstr
 *(.dynstr)

.gnu.version
 *(.gnu.version)

.gnu.version_d
 *(.gnu.version_d)

.gnu.version_r
 *(.gnu.version_r)

.rela.dyn       0x0000000080000074        0x0
 *(.rela.init)
 *(.rela.text .rela.text.* .rela.gnu.linkonce.t.*)
 *(.rela.fini)
 *(.rela.rodata .rela.rodata.* .rela.gnu.linkonce.r.*)
 *(.rela.data .rela.data.* .rela.gnu.linkonce.d.*)
 *(.rela.tdata .rela.tdata.* .rela.gnu.linkonce.td.*)
 *(.rela.tbss .rela.tbss.* .rela.gnu.linkonce.tb.*)
 *(.rela.ctors)
 *(.rela.dtors)
 *(.rela.got)
 *(.rela.bss .rela.bss.* .rela.gnu.linkonce.b.*)
                [!provide]                        PROVIDE (__rela_iplt_start = .)
 *(.rela.iplt)
                [!provide]                        PROVIDE (__rela_iplt_end = .)

.rela.plt
 *(.rela.plt)

.init
 *(SORT_NONE(.init))

.plt
 *(.plt)

.iplt
 *(.iplt)

.text           0x0000000000000000     0x123e
 *(.text.unlikely .text.*_unlikely .text.unlikely.*)
 .text.unlikely
                0x0000000000000000       0x4e C:\Users\erikb\AppData\Local\Temp\cc3tUuTI.ltrans0.ltrans.o
                0x0000000000000000                _start
 *(.text.exit .text.exit.*)
 *(.text.startup .text.startup.*)
 .text.startup  0x000000000000004e      0x724 C:\Users\erikb\AppData\Local\Temp\cc3tUuTI.ltrans0.ltrans.o
                0x000000000000004e                main
 *(.text.hot .text.hot.*)
 *(SORT_BY_NAME(.text.sorted.*))
 *(.text .stub .text.* .gnu.linkonce.t.*)
 *fill*         0x0000000000000772        0x2 4e714e71
 .text          0x0000000000000774      0x8ec C:\Users\erikb\AppData\Local\Temp\cc3tUuTI.ltrans0.ltrans.o
                0x0000000000000e3a                strlen
                0x0000000000000e4e                memset
                0x0000000000000f1c                memcpy
                0x0000000000000fa8                memmove
 .text          0x0000000000001060      0x10c obj/gcc8_a_support.o
                0x0000000000001060                __mulsi3
                0x0000000000001082                __udivsi3
                0x00000000000010de                __divsi3
                0x0000000000001108                __modsi3
                0x0000000000001130                __umodsi3
                0x000000000000115a                KPutCharX
                0x0000000000001168                PutChar
 .text          0x000000000000116c       0xd2 obj/depacker_doynax.o
                0x000000000000116c                _doynaxdepack_asm
 *(.gnu.warning)

.fini
 *(SORT_NONE(.fini))
                [!provide]                        PROVIDE (__etext = .)
                [!provide]                        PROVIDE (_etext = .)
                [!provide]                        PROVIDE (etext = .)

.rodata         0x0000000000001240      0x170
 *(.rodata .rodata.* .gnu.linkonce.r.*)
 .rodata        0x0000000000001240      0x170 C:\Users\erikb\AppData\Local\Temp\cc3tUuTI.ltrans0.ltrans.o
                0x0000000000001240                incbin_colors_start
                0x0000000000001280                incbin_colors_end
                0x0000000000001282                incbin_tilescolors_start
                0x00000000000012c2                incbin_tilescolors_end

.rodata1
 *(.rodata1)

.eh_frame_hdr
 *(.eh_frame_hdr)
 *(.eh_frame_entry .eh_frame_entry.*)

.eh_frame
 *(.eh_frame)
 *(.eh_frame.*)

.gcc_except_table
 *(.gcc_except_table .gcc_except_table.*)

.gnu_extab
 *(.gnu_extab*)

.exception_ranges
 *(.exception_ranges*)
                0x0000000000002000                . = DATA_SEGMENT_ALIGN (CONSTANT (MAXPAGESIZE), CONSTANT (COMMONPAGESIZE))

.eh_frame
 *(.eh_frame)
 *(.eh_frame.*)

.gnu_extab
 *(.gnu_extab)

.gcc_except_table
 *(.gcc_except_table .gcc_except_table.*)

.exception_ranges
 *(.exception_ranges*)

.tdata          0x0000000000002000        0x0
                [!provide]                        PROVIDE (__tdata_start = .)
 *(.tdata .tdata.* .gnu.linkonce.td.*)

.tbss
 *(.tbss .tbss.* .gnu.linkonce.tb.*)
 *(.tcommon)

.preinit_array  0x0000000000002000        0x0
                0x0000000000002000                PROVIDE (__preinit_array_start = .)
 *(.preinit_array)
                0x0000000000002000                PROVIDE (__preinit_array_end = .)

.init_array     0x0000000000002000        0x0
                0x0000000000002000                PROVIDE (__init_array_start = .)
 *(SORT_BY_INIT_PRIORITY(.init_array.*) SORT_BY_INIT_PRIORITY(.ctors.*))
 *(.init_array EXCLUDE_FILE(*crtend?.o *crtend.o *crtbegin?.o *crtbegin.o) .ctors)
                0x0000000000002000                PROVIDE (__init_array_end = .)

.fini_array     0x0000000000002000        0x0
                0x0000000000002000                PROVIDE (__fini_array_start = .)
 *(SORT_BY_INIT_PRIORITY(.fini_array.*) SORT_BY_INIT_PRIORITY(.dtors.*))
 *(.fini_array EXCLUDE_FILE(*crtend?.o *crtend.o *crtbegin?.o *crtbegin.o) .dtors)
                0x0000000000002000                PROVIDE (__fini_array_end = .)

.ctors
 *crtbegin.o(.ctors)
 *crtbegin?.o(.ctors)
 *(EXCLUDE_FILE(*crtend?.o *crtend.o) .ctors)
 *(SORT_BY_NAME(.ctors.*))
 *(.ctors)

.dtors
 *crtbegin.o(.dtors)
 *crtbegin?.o(.dtors)
 *(EXCLUDE_FILE(*crtend?.o *crtend.o) .dtors)
 *(SORT_BY_NAME(.dtors.*))
 *(.dtors)

.jcr
 *(.jcr)

.data.rel.ro
 *(.data.rel.ro.local* .gnu.linkonce.d.rel.ro.local.*)
 *(.data.rel.ro .data.rel.ro.* .gnu.linkonce.d.rel.ro.*)

.dynamic
 *(.dynamic)
                0x0000000000002000                . = DATA_SEGMENT_RELRO_END (., 0x0)

.got
 *(.got.plt)
 *(.igot.plt)
 *(.got)
 *(.igot)

.data           0x0000000000002000        0x0
 *(.data .data.* .gnu.linkonce.d.*)
 .data          0x0000000000002000        0x0 C:\Users\erikb\AppData\Local\Temp\cc3tUuTI.ltrans0.ltrans.o
 .data          0x0000000000002000        0x0 obj/gcc8_a_support.o
 .data          0x0000000000002000        0x0 obj/depacker_doynax.o

.INCBIN.MEMF_CHIP
                0x0000000000002000     0xde85
 .INCBIN.MEMF_CHIP
                0x0000000000002000     0xde85 C:\Users\erikb\AppData\Local\Temp\cc3tUuTI.ltrans0.ltrans.o
                0x0000000000002000                incbin_image_start
                0x000000000000e800                incbin_image_end
                0x000000000000e802                incbin_bob_start
                0x000000000000f702                incbin_bob_end
                0x000000000000f704                incbin_tiles_start
                0x000000000000fe84                incbin_tiles_end

.data1
 *(.data1)
                0x000000000000fe85                _edata = .
                [!provide]                        PROVIDE (edata = .)
                0x000000000000fe85                . = .
                0x000000000000fe85                __bss_start = .

.bss            0x000000000000fe88       0x14
 *(.dynbss)
 *(.bss .bss.* .gnu.linkonce.b.*)
 .bss           0x000000000000fe88        0xc C:\Users\erikb\AppData\Local\Temp\cc3tUuTI.ltrans0.ltrans.o
 .gnu.linkonce.b._ZN6Copper9singletonE
                0x000000000000fe94        0x4 C:\Users\erikb\AppData\Local\Temp\cc3tUuTI.ltrans0.ltrans.o
                0x000000000000fe94                _ZN6Copper9singletonE
 .gnu.linkonce.b._ZN14BlitterControl9singletonE
                0x000000000000fe98        0x4 C:\Users\erikb\AppData\Local\Temp\cc3tUuTI.ltrans0.ltrans.o
                0x000000000000fe98                _ZN14BlitterControl9singletonE
 .bss           0x000000000000fe9c        0x0 obj/gcc8_a_support.o
 .bss           0x000000000000fe9c        0x0 obj/depacker_doynax.o
 *(COMMON)
                0x000000000000fe9c                . = ALIGN ((. != 0x0)?0x4:0x1)
                0x000000000000fe9c                . = ALIGN (0x4)
                0x000000000000fe9c                . = SEGMENT_START ("ldata-segment", .)
                0x000000000000fe9c                . = ALIGN (0x4)
                0x000000000000fe9c                _end = .
                [!provide]                        PROVIDE (end = .)
                0x000000000000fe9c                . = DATA_SEGMENT_END (.)

.stab
 *(.stab)

.stabstr
 *(.stabstr)

.stab.excl
 *(.stab.excl)

.stab.exclstr
 *(.stab.exclstr)

.stab.index
 *(.stab.index)

.stab.indexstr
 *(.stab.indexstr)

.comment        0x0000000000000000       0x12
 *(.comment)
 .comment       0x0000000000000000       0x12 C:\Users\erikb\AppData\Local\Temp\cc3tUuTI.ltrans0.ltrans.o
                                         0x13 (size before relaxing)
 .comment       0x0000000000000012       0x13 C:\Users\erikb\AppData\Local\Temp\ccgfaQ6n.debug.temp.o
 .comment       0x0000000000000012       0x13 C:\Users\erikb\AppData\Local\Temp\ccMeoYgy.debug.temp.o
 .comment       0x0000000000000012       0x13 C:\Users\erikb\AppData\Local\Temp\ccieC6qI.debug.temp.o
 .comment       0x0000000000000012       0x13 C:\Users\erikb\AppData\Local\Temp\cc6YjyMS.debug.temp.o
 .comment       0x0000000000000012       0x13 C:\Users\erikb\AppData\Local\Temp\ccsr1uf3.debug.temp.o
 .comment       0x0000000000000012       0x13 C:\Users\erikb\AppData\Local\Temp\cc8xIRJd.debug.temp.o
 .comment       0x0000000000000012       0x13 C:\Users\erikb\AppData\Local\Temp\ccOEpeeo.debug.temp.o
 .comment       0x0000000000000012       0x13 C:\Users\erikb\AppData\Local\Temp\ccWJMsNx.debug.temp.o
 .comment       0x0000000000000012       0x13 C:\Users\erikb\AppData\Local\Temp\ccMbaNxH.debug.temp.o
 .comment       0x0000000000000012       0x13 C:\Users\erikb\AppData\Local\Temp\ccMC2soR.debug.temp.o

.gnu.build.attributes
 *(.gnu.build.attributes .gnu.build.attributes.*)

.debug
 *(.debug)

.line
 *(.line)

.debug_srcinfo
 *(.debug_srcinfo)

.debug_sfnames
 *(.debug_sfnames)

.debug_aranges  0x0000000000000000       0x70
 *(.debug_aranges)
 .debug_aranges
                0x0000000000000000       0x30 C:\Users\erikb\AppData\Local\Temp\cc3tUuTI.ltrans0.ltrans.o
 .debug_aranges
                0x0000000000000030       0x20 obj/gcc8_a_support.o
 .debug_aranges
                0x0000000000000050       0x20 obj/depacker_doynax.o

.debug_pubnames
 *(.debug_pubnames)

.debug_info     0x0000000000000000    0x13e1d
 *(.debug_info .gnu.linkonce.wi.*)
 .debug_info    0x0000000000000000     0x1ef1 C:\Users\erikb\AppData\Local\Temp\cc3tUuTI.ltrans0.ltrans.o
 .debug_info    0x0000000000001ef1     0x52e1 C:\Users\erikb\AppData\Local\Temp\ccgfaQ6n.debug.temp.o
                0x0000000000001ef1                main.cpp.6d889987
 .debug_info    0x00000000000071d2      0x5ad C:\Users\erikb\AppData\Local\Temp\ccMeoYgy.debug.temp.o
                0x00000000000071d2                ColorPalette.cpp.0624f9ff
 .debug_info    0x000000000000777f     0x11c9 C:\Users\erikb\AppData\Local\Temp\ccieC6qI.debug.temp.o
                0x000000000000777f                Blitter.cpp.b4e874b5
 .debug_info    0x0000000000008948      0x18a C:\Users\erikb\AppData\Local\Temp\cc6YjyMS.debug.temp.o
                0x0000000000008948                Mouse.cpp.6a2c28e7
 .debug_info    0x0000000000008ad2     0x3236 C:\Users\erikb\AppData\Local\Temp\ccsr1uf3.debug.temp.o
                0x0000000000008ad2                Copper.cpp.86b41a6d
 .debug_info    0x000000000000bd08     0x3939 C:\Users\erikb\AppData\Local\Temp\cc8xIRJd.debug.temp.o
                0x000000000000bd08                Display.cpp.6f49892f
 .debug_info    0x000000000000f641     0x329f C:\Users\erikb\AppData\Local\Temp\ccOEpeeo.debug.temp.o
                0x000000000000f641                Tilemap.cpp.78e57248
 .debug_info    0x00000000000128e0      0x6a0 C:\Users\erikb\AppData\Local\Temp\ccWJMsNx.debug.temp.o
                0x00000000000128e0                Bitplanes.cpp.927addb1
 .debug_info    0x0000000000012f80      0x223 C:\Users\erikb\AppData\Local\Temp\ccMbaNxH.debug.temp.o
                0x0000000000012f80                Viewport.cpp.b776f573
 .debug_info    0x00000000000131a3      0xc2e C:\Users\erikb\AppData\Local\Temp\ccMC2soR.debug.temp.o
                0x00000000000131a3                gcc8_c_support.c.915a8519
 .debug_info    0x0000000000013dd1       0x26 obj/gcc8_a_support.o
 .debug_info    0x0000000000013df7       0x26 obj/depacker_doynax.o

.debug_abbrev   0x0000000000000000     0x1c55
 *(.debug_abbrev)
 .debug_abbrev  0x0000000000000000      0x152 C:\Users\erikb\AppData\Local\Temp\cc3tUuTI.ltrans0.ltrans.o
 .debug_abbrev  0x0000000000000152      0x56a C:\Users\erikb\AppData\Local\Temp\ccgfaQ6n.debug.temp.o
 .debug_abbrev  0x00000000000006bc      0x1bd C:\Users\erikb\AppData\Local\Temp\ccMeoYgy.debug.temp.o
 .debug_abbrev  0x0000000000000879      0x358 C:\Users\erikb\AppData\Local\Temp\ccieC6qI.debug.temp.o
 .debug_abbrev  0x0000000000000bd1       0x1b C:\Users\erikb\AppData\Local\Temp\cc6YjyMS.debug.temp.o
 .debug_abbrev  0x0000000000000bec      0x362 C:\Users\erikb\AppData\Local\Temp\ccsr1uf3.debug.temp.o
 .debug_abbrev  0x0000000000000f4e      0x38d C:\Users\erikb\AppData\Local\Temp\cc8xIRJd.debug.temp.o
 .debug_abbrev  0x00000000000012db      0x46b C:\Users\erikb\AppData\Local\Temp\ccOEpeeo.debug.temp.o
 .debug_abbrev  0x0000000000001746      0x1fe C:\Users\erikb\AppData\Local\Temp\ccWJMsNx.debug.temp.o
 .debug_abbrev  0x0000000000001944       0xdc C:\Users\erikb\AppData\Local\Temp\ccMbaNxH.debug.temp.o
 .debug_abbrev  0x0000000000001a20      0x20d C:\Users\erikb\AppData\Local\Temp\ccMC2soR.debug.temp.o
 .debug_abbrev  0x0000000000001c2d       0x14 obj/gcc8_a_support.o
 .debug_abbrev  0x0000000000001c41       0x14 obj/depacker_doynax.o

.debug_line     0x0000000000000000     0x4ecd
 *(.debug_line .debug_line.* .debug_line_end)
 .debug_line    0x0000000000000000     0x3486 C:\Users\erikb\AppData\Local\Temp\cc3tUuTI.ltrans0.ltrans.o
 .debug_line    0x0000000000003486      0x55f C:\Users\erikb\AppData\Local\Temp\ccgfaQ6n.debug.temp.o
 .debug_line    0x00000000000039e5      0x139 C:\Users\erikb\AppData\Local\Temp\ccMeoYgy.debug.temp.o
 .debug_line    0x0000000000003b1e      0x242 C:\Users\erikb\AppData\Local\Temp\ccieC6qI.debug.temp.o
 .debug_line    0x0000000000003d60       0x71 C:\Users\erikb\AppData\Local\Temp\cc6YjyMS.debug.temp.o
 .debug_line    0x0000000000003dd1      0x3cd C:\Users\erikb\AppData\Local\Temp\ccsr1uf3.debug.temp.o
 .debug_line    0x000000000000419e      0x3d3 C:\Users\erikb\AppData\Local\Temp\cc8xIRJd.debug.temp.o
 .debug_line    0x0000000000004571      0x3e0 C:\Users\erikb\AppData\Local\Temp\ccOEpeeo.debug.temp.o
 .debug_line    0x0000000000004951      0x1a4 C:\Users\erikb\AppData\Local\Temp\ccWJMsNx.debug.temp.o
 .debug_line    0x0000000000004af5       0xb1 C:\Users\erikb\AppData\Local\Temp\ccMbaNxH.debug.temp.o
 .debug_line    0x0000000000004ba6      0x1a3 C:\Users\erikb\AppData\Local\Temp\ccMC2soR.debug.temp.o
 .debug_line    0x0000000000004d49       0xd3 obj/gcc8_a_support.o
 .debug_line    0x0000000000004e1c       0xb1 obj/depacker_doynax.o

.debug_frame    0x0000000000000000      0x70c
 *(.debug_frame)
 .debug_frame   0x0000000000000000      0x640 C:\Users\erikb\AppData\Local\Temp\cc3tUuTI.ltrans0.ltrans.o
 .debug_frame   0x0000000000000640       0xcc obj/gcc8_a_support.o

.debug_str      0x0000000000000000      0x694
 *(.debug_str)
 .debug_str     0x0000000000000000        0x0 C:\Users\erikb\AppData\Local\Temp\cc3tUuTI.ltrans0.ltrans.o
 .debug_str     0x0000000000000000      0x20c C:\Users\erikb\AppData\Local\Temp\ccgfaQ6n.debug.temp.o
 .debug_str     0x000000000000020c       0x23 C:\Users\erikb\AppData\Local\Temp\ccMeoYgy.debug.temp.o
 .debug_str     0x000000000000022f       0x1d C:\Users\erikb\AppData\Local\Temp\ccieC6qI.debug.temp.o
 .debug_str     0x000000000000024c        0x0 C:\Users\erikb\AppData\Local\Temp\cc6YjyMS.debug.temp.o
 .debug_str     0x000000000000024c       0x94 C:\Users\erikb\AppData\Local\Temp\ccsr1uf3.debug.temp.o
 .debug_str     0x00000000000002e0      0x10e C:\Users\erikb\AppData\Local\Temp\cc8xIRJd.debug.temp.o
 .debug_str     0x00000000000003ee      0x13c C:\Users\erikb\AppData\Local\Temp\ccOEpeeo.debug.temp.o
 .debug_str     0x000000000000052a       0x3c C:\Users\erikb\AppData\Local\Temp\ccWJMsNx.debug.temp.o
 .debug_str     0x0000000000000566       0x1b C:\Users\erikb\AppData\Local\Temp\ccMbaNxH.debug.temp.o
 .debug_str     0x0000000000000581       0x80 C:\Users\erikb\AppData\Local\Temp\ccMC2soR.debug.temp.o
 .debug_str     0x0000000000000601       0x5e obj/gcc8_a_support.o
 .debug_str     0x000000000000065f       0x35 obj/depacker_doynax.o
                                         0x5f (size before relaxing)

.debug_loc
 *(.debug_loc)

.debug_macinfo
 *(.debug_macinfo)

.debug_weaknames
 *(.debug_weaknames)

.debug_funcnames
 *(.debug_funcnames)

.debug_typenames
 *(.debug_typenames)

.debug_varnames
 *(.debug_varnames)

.debug_pubtypes
 *(.debug_pubtypes)

.debug_ranges
 *(.debug_ranges)

.debug_addr
 *(.debug_addr)

.debug_line_str
 *(.debug_line_str)

.debug_loclists
                0x0000000000000000     0x1b3c
 *(.debug_loclists)
 .debug_loclists
                0x0000000000000000     0x1b3c C:\Users\erikb\AppData\Local\Temp\cc3tUuTI.ltrans0.ltrans.o

.debug_macro
 *(.debug_macro)

.debug_names
 *(.debug_names)

.debug_rnglists
                0x0000000000000000      0x497
 *(.debug_rnglists)
 .debug_rnglists
                0x0000000000000000      0x497 C:\Users\erikb\AppData\Local\Temp\cc3tUuTI.ltrans0.ltrans.o

.debug_str_offsets
 *(.debug_str_offsets)

.debug_sup
 *(.debug_sup)

.gnu.attributes
 *(.gnu.attributes)

/DISCARD/
 *(.note.GNU-stack)
 *(.gnu_debuglink)
 *(.gnu.lto_*)
OUTPUT(a.mingw.elf elf32-m68k)
