
Memory Configuration

Name             Origin             Length             Attributes
*default*        0x0000000000000000 0xffffffffffffffff

Linker script and memory map

Address of section .text set to 0x0
LOAD C:\Users\erikb\AppData\Local\Temp\cclen35j.ltrans0.ltrans.o
LOAD C:\Users\erikb\AppData\Local\Temp\ccr0DAuM.debug.temp.o
LOAD C:\Users\erikb\AppData\Local\Temp\ccyw8E14.debug.temp.o
LOAD C:\Users\erikb\AppData\Local\Temp\ccnLEkEn.debug.temp.o
LOAD C:\Users\erikb\AppData\Local\Temp\cc6QBflG.debug.temp.o
LOAD C:\Users\erikb\AppData\Local\Temp\ccxflw6X.debug.temp.o
LOAD C:\Users\erikb\AppData\Local\Temp\cc8ECpYf.debug.temp.o
LOAD C:\Users\erikb\AppData\Local\Temp\ccv7yzTx.debug.temp.o
LOAD C:\Users\erikb\AppData\Local\Temp\cc8tuaTP.debug.temp.o
LOAD obj/gcc8_a_support.o
LOAD obj/depacker_doynax.o
                [!provide]                        PROVIDE (__executable_start = SEGMENT_START ("text-segment", 0x80000000))
                0x0000000080000074                . = (SEGMENT_START ("text-segment", 0x80000000) + SIZEOF_HEADERS)

.interp
 *(.interp)

.note.gnu.build-id
 *(.note.gnu.build-id)

.hash
 *(.hash)

.gnu.hash
 *(.gnu.hash)

.dynsym
 *(.dynsym)

.dynstr
 *(.dynstr)

.gnu.version
 *(.gnu.version)

.gnu.version_d
 *(.gnu.version_d)

.gnu.version_r
 *(.gnu.version_r)

.rela.dyn       0x0000000080000074        0x0
 *(.rela.init)
 *(.rela.text .rela.text.* .rela.gnu.linkonce.t.*)
 *(.rela.fini)
 *(.rela.rodata .rela.rodata.* .rela.gnu.linkonce.r.*)
 *(.rela.data .rela.data.* .rela.gnu.linkonce.d.*)
 *(.rela.tdata .rela.tdata.* .rela.gnu.linkonce.td.*)
 *(.rela.tbss .rela.tbss.* .rela.gnu.linkonce.tb.*)
 *(.rela.ctors)
 *(.rela.dtors)
 *(.rela.got)
 *(.rela.bss .rela.bss.* .rela.gnu.linkonce.b.*)
                [!provide]                        PROVIDE (__rela_iplt_start = .)
 *(.rela.iplt)
                [!provide]                        PROVIDE (__rela_iplt_end = .)

.rela.plt
 *(.rela.plt)

.init
 *(SORT_NONE(.init))

.plt
 *(.plt)

.iplt
 *(.iplt)

.text           0x0000000000000000     0x11d6
 *(.text.unlikely .text.*_unlikely .text.unlikely.*)
 .text.unlikely
                0x0000000000000000       0x4e C:\Users\erikb\AppData\Local\Temp\cclen35j.ltrans0.ltrans.o
                0x0000000000000000                _start
 *(.text.exit .text.exit.*)
 *(.text.startup .text.startup.*)
 .text.startup  0x000000000000004e      0x6ce C:\Users\erikb\AppData\Local\Temp\cclen35j.ltrans0.ltrans.o
                0x000000000000004e                main
 *(.text.hot .text.hot.*)
 *(SORT_BY_NAME(.text.sorted.*))
 *(.text .stub .text.* .gnu.linkonce.t.*)
 .text          0x000000000000071c      0x8dc C:\Users\erikb\AppData\Local\Temp\cclen35j.ltrans0.ltrans.o
                0x0000000000000dd2                strlen
                0x0000000000000de6                memset
                0x0000000000000eb4                memcpy
                0x0000000000000f40                memmove
 .text          0x0000000000000ff8      0x10c obj/gcc8_a_support.o
                0x0000000000000ff8                __mulsi3
                0x000000000000101a                __udivsi3
                0x0000000000001076                __divsi3
                0x00000000000010a0                __modsi3
                0x00000000000010c8                __umodsi3
                0x00000000000010f2                KPutCharX
                0x0000000000001100                PutChar
 .text          0x0000000000001104       0xd2 obj/depacker_doynax.o
                0x0000000000001104                _doynaxdepack_asm
 *(.gnu.warning)

.fini
 *(SORT_NONE(.fini))
                [!provide]                        PROVIDE (__etext = .)
                [!provide]                        PROVIDE (_etext = .)
                [!provide]                        PROVIDE (etext = .)

.rodata         0x00000000000011d8      0x170
 *(.rodata .rodata.* .gnu.linkonce.r.*)
 .rodata        0x00000000000011d8      0x170 C:\Users\erikb\AppData\Local\Temp\cclen35j.ltrans0.ltrans.o
                0x00000000000011d8                incbin_colors_start
                0x0000000000001218                incbin_colors_end
                0x000000000000121a                incbin_tilescolors_start
                0x000000000000125a                incbin_tilescolors_end

.rodata1
 *(.rodata1)

.eh_frame_hdr
 *(.eh_frame_hdr)
 *(.eh_frame_entry .eh_frame_entry.*)

.eh_frame
 *(.eh_frame)
 *(.eh_frame.*)

.gcc_except_table
 *(.gcc_except_table .gcc_except_table.*)

.gnu_extab
 *(.gnu_extab*)

.exception_ranges
 *(.exception_ranges*)
                0x0000000000002000                . = DATA_SEGMENT_ALIGN (CONSTANT (MAXPAGESIZE), CONSTANT (COMMONPAGESIZE))

.eh_frame
 *(.eh_frame)
 *(.eh_frame.*)

.gnu_extab
 *(.gnu_extab)

.gcc_except_table
 *(.gcc_except_table .gcc_except_table.*)

.exception_ranges
 *(.exception_ranges*)

.tdata          0x0000000000002000        0x0
                [!provide]                        PROVIDE (__tdata_start = .)
 *(.tdata .tdata.* .gnu.linkonce.td.*)

.tbss
 *(.tbss .tbss.* .gnu.linkonce.tb.*)
 *(.tcommon)

.preinit_array  0x0000000000002000        0x0
                0x0000000000002000                PROVIDE (__preinit_array_start = .)
 *(.preinit_array)
                0x0000000000002000                PROVIDE (__preinit_array_end = .)

.init_array     0x0000000000002000        0x0
                0x0000000000002000                PROVIDE (__init_array_start = .)
 *(SORT_BY_INIT_PRIORITY(.init_array.*) SORT_BY_INIT_PRIORITY(.ctors.*))
 *(.init_array EXCLUDE_FILE(*crtend?.o *crtend.o *crtbegin?.o *crtbegin.o) .ctors)
                0x0000000000002000                PROVIDE (__init_array_end = .)

.fini_array     0x0000000000002000        0x0
                0x0000000000002000                PROVIDE (__fini_array_start = .)
 *(SORT_BY_INIT_PRIORITY(.fini_array.*) SORT_BY_INIT_PRIORITY(.dtors.*))
 *(.fini_array EXCLUDE_FILE(*crtend?.o *crtend.o *crtbegin?.o *crtbegin.o) .dtors)
                0x0000000000002000                PROVIDE (__fini_array_end = .)

.ctors
 *crtbegin.o(.ctors)
 *crtbegin?.o(.ctors)
 *(EXCLUDE_FILE(*crtend?.o *crtend.o) .ctors)
 *(SORT_BY_NAME(.ctors.*))
 *(.ctors)

.dtors
 *crtbegin.o(.dtors)
 *crtbegin?.o(.dtors)
 *(EXCLUDE_FILE(*crtend?.o *crtend.o) .dtors)
 *(SORT_BY_NAME(.dtors.*))
 *(.dtors)

.jcr
 *(.jcr)

.data.rel.ro
 *(.data.rel.ro.local* .gnu.linkonce.d.rel.ro.local.*)
 *(.data.rel.ro .data.rel.ro.* .gnu.linkonce.d.rel.ro.*)

.dynamic
 *(.dynamic)
                0x0000000000002000                . = DATA_SEGMENT_RELRO_END (., 0x0)

.got
 *(.got.plt)
 *(.igot.plt)
 *(.got)
 *(.igot)

.data           0x0000000000002000        0x0
 *(.data .data.* .gnu.linkonce.d.*)
 .data          0x0000000000002000        0x0 C:\Users\erikb\AppData\Local\Temp\cclen35j.ltrans0.ltrans.o
 .data          0x0000000000002000        0x0 obj/gcc8_a_support.o
 .data          0x0000000000002000        0x0 obj/depacker_doynax.o

.INCBIN.MEMF_CHIP
                0x0000000000002000     0xde85
 .INCBIN.MEMF_CHIP
                0x0000000000002000     0xde85 C:\Users\erikb\AppData\Local\Temp\cclen35j.ltrans0.ltrans.o
                0x0000000000002000                incbin_image_start
                0x000000000000e800                incbin_image_end
                0x000000000000e802                incbin_bob_start
                0x000000000000f702                incbin_bob_end
                0x000000000000f704                incbin_tiles_start
                0x000000000000fe84                incbin_tiles_end

.data1
 *(.data1)
                0x000000000000fe85                _edata = .
                [!provide]                        PROVIDE (edata = .)
                0x000000000000fe85                . = .
                0x000000000000fe85                __bss_start = .

.bss            0x000000000000fe88       0x14
 *(.dynbss)
 *(.bss .bss.* .gnu.linkonce.b.*)
 .bss           0x000000000000fe88        0xc C:\Users\erikb\AppData\Local\Temp\cclen35j.ltrans0.ltrans.o
 .gnu.linkonce.b._ZN6Copper9singletonE
                0x000000000000fe94        0x4 C:\Users\erikb\AppData\Local\Temp\cclen35j.ltrans0.ltrans.o
                0x000000000000fe94                _ZN6Copper9singletonE
 .gnu.linkonce.b._ZN14BlitterControl9singletonE
                0x000000000000fe98        0x4 C:\Users\erikb\AppData\Local\Temp\cclen35j.ltrans0.ltrans.o
                0x000000000000fe98                _ZN14BlitterControl9singletonE
 .bss           0x000000000000fe9c        0x0 obj/gcc8_a_support.o
 .bss           0x000000000000fe9c        0x0 obj/depacker_doynax.o
 *(COMMON)
                0x000000000000fe9c                . = ALIGN ((. != 0x0)?0x4:0x1)
                0x000000000000fe9c                . = ALIGN (0x4)
                0x000000000000fe9c                . = SEGMENT_START ("ldata-segment", .)
                0x000000000000fe9c                . = ALIGN (0x4)
                0x000000000000fe9c                _end = .
                [!provide]                        PROVIDE (end = .)
                0x000000000000fe9c                . = DATA_SEGMENT_END (.)

.stab
 *(.stab)

.stabstr
 *(.stabstr)

.stab.excl
 *(.stab.excl)

.stab.exclstr
 *(.stab.exclstr)

.stab.index
 *(.stab.index)

.stab.indexstr
 *(.stab.indexstr)

.comment        0x0000000000000000       0x12
 *(.comment)
 .comment       0x0000000000000000       0x12 C:\Users\erikb\AppData\Local\Temp\cclen35j.ltrans0.ltrans.o
                                         0x13 (size before relaxing)
 .comment       0x0000000000000012       0x13 C:\Users\erikb\AppData\Local\Temp\ccr0DAuM.debug.temp.o
 .comment       0x0000000000000012       0x13 C:\Users\erikb\AppData\Local\Temp\ccyw8E14.debug.temp.o
 .comment       0x0000000000000012       0x13 C:\Users\erikb\AppData\Local\Temp\ccnLEkEn.debug.temp.o
 .comment       0x0000000000000012       0x13 C:\Users\erikb\AppData\Local\Temp\cc6QBflG.debug.temp.o
 .comment       0x0000000000000012       0x13 C:\Users\erikb\AppData\Local\Temp\ccxflw6X.debug.temp.o
 .comment       0x0000000000000012       0x13 C:\Users\erikb\AppData\Local\Temp\cc8ECpYf.debug.temp.o
 .comment       0x0000000000000012       0x13 C:\Users\erikb\AppData\Local\Temp\ccv7yzTx.debug.temp.o
 .comment       0x0000000000000012       0x13 C:\Users\erikb\AppData\Local\Temp\cc8tuaTP.debug.temp.o

.gnu.build.attributes
 *(.gnu.build.attributes .gnu.build.attributes.*)

.debug
 *(.debug)

.line
 *(.line)

.debug_srcinfo
 *(.debug_srcinfo)

.debug_sfnames
 *(.debug_sfnames)

.debug_aranges  0x0000000000000000       0x70
 *(.debug_aranges)
 .debug_aranges
                0x0000000000000000       0x30 C:\Users\erikb\AppData\Local\Temp\cclen35j.ltrans0.ltrans.o
 .debug_aranges
                0x0000000000000030       0x20 obj/gcc8_a_support.o
 .debug_aranges
                0x0000000000000050       0x20 obj/depacker_doynax.o

.debug_pubnames
 *(.debug_pubnames)

.debug_info     0x0000000000000000    0x13516
 *(.debug_info .gnu.linkonce.wi.*)
 .debug_info    0x0000000000000000     0x1de0 C:\Users\erikb\AppData\Local\Temp\cclen35j.ltrans0.ltrans.o
 .debug_info    0x0000000000001de0     0x5128 C:\Users\erikb\AppData\Local\Temp\ccr0DAuM.debug.temp.o
                0x0000000000001de0                main.cpp.21162eb6
 .debug_info    0x0000000000006f08      0x5ad C:\Users\erikb\AppData\Local\Temp\ccyw8E14.debug.temp.o
                0x0000000000006f08                ColorPalette.cpp.0624f9ff
 .debug_info    0x00000000000074b5     0x11c9 C:\Users\erikb\AppData\Local\Temp\ccnLEkEn.debug.temp.o
                0x00000000000074b5                Blitter.cpp.b4e874b5
 .debug_info    0x000000000000867e      0x18a C:\Users\erikb\AppData\Local\Temp\cc6QBflG.debug.temp.o
                0x000000000000867e                Mouse.cpp.6a2c28e7
 .debug_info    0x0000000000008808     0x3236 C:\Users\erikb\AppData\Local\Temp\ccxflw6X.debug.temp.o
                0x0000000000008808                Copper.cpp.86b41a6d
 .debug_info    0x000000000000ba3e     0x3d6e C:\Users\erikb\AppData\Local\Temp\cc8ECpYf.debug.temp.o
                0x000000000000ba3e                Display.cpp.88dd80da
 .debug_info    0x000000000000f7ac     0x30f0 C:\Users\erikb\AppData\Local\Temp\ccv7yzTx.debug.temp.o
                0x000000000000f7ac                Tilemap.cpp.9948d5c4
 .debug_info    0x000000000001289c      0xc2e C:\Users\erikb\AppData\Local\Temp\cc8tuaTP.debug.temp.o
                0x000000000001289c                gcc8_c_support.c.915a8519
 .debug_info    0x00000000000134ca       0x26 obj/gcc8_a_support.o
 .debug_info    0x00000000000134f0       0x26 obj/depacker_doynax.o

.debug_abbrev   0x0000000000000000     0x196d
 *(.debug_abbrev)
 .debug_abbrev  0x0000000000000000      0x142 C:\Users\erikb\AppData\Local\Temp\cclen35j.ltrans0.ltrans.o
 .debug_abbrev  0x0000000000000142      0x56b C:\Users\erikb\AppData\Local\Temp\ccr0DAuM.debug.temp.o
 .debug_abbrev  0x00000000000006ad      0x1bd C:\Users\erikb\AppData\Local\Temp\ccyw8E14.debug.temp.o
 .debug_abbrev  0x000000000000086a      0x358 C:\Users\erikb\AppData\Local\Temp\ccnLEkEn.debug.temp.o
 .debug_abbrev  0x0000000000000bc2       0x1b C:\Users\erikb\AppData\Local\Temp\cc6QBflG.debug.temp.o
 .debug_abbrev  0x0000000000000bdd      0x362 C:\Users\erikb\AppData\Local\Temp\ccxflw6X.debug.temp.o
 .debug_abbrev  0x0000000000000f3f      0x390 C:\Users\erikb\AppData\Local\Temp\cc8ECpYf.debug.temp.o
 .debug_abbrev  0x00000000000012cf      0x469 C:\Users\erikb\AppData\Local\Temp\ccv7yzTx.debug.temp.o
 .debug_abbrev  0x0000000000001738      0x20d C:\Users\erikb\AppData\Local\Temp\cc8tuaTP.debug.temp.o
 .debug_abbrev  0x0000000000001945       0x14 obj/gcc8_a_support.o
 .debug_abbrev  0x0000000000001959       0x14 obj/depacker_doynax.o

.debug_line     0x0000000000000000     0x4ca7
 *(.debug_line .debug_line.* .debug_line_end)
 .debug_line    0x0000000000000000     0x34ec C:\Users\erikb\AppData\Local\Temp\cclen35j.ltrans0.ltrans.o
 .debug_line    0x00000000000034ec      0x546 C:\Users\erikb\AppData\Local\Temp\ccr0DAuM.debug.temp.o
 .debug_line    0x0000000000003a32      0x139 C:\Users\erikb\AppData\Local\Temp\ccyw8E14.debug.temp.o
 .debug_line    0x0000000000003b6b      0x242 C:\Users\erikb\AppData\Local\Temp\ccnLEkEn.debug.temp.o
 .debug_line    0x0000000000003dad       0x71 C:\Users\erikb\AppData\Local\Temp\cc6QBflG.debug.temp.o
 .debug_line    0x0000000000003e1e      0x3cd C:\Users\erikb\AppData\Local\Temp\ccxflw6X.debug.temp.o
 .debug_line    0x00000000000041eb      0x3ce C:\Users\erikb\AppData\Local\Temp\cc8ECpYf.debug.temp.o
 .debug_line    0x00000000000045b9      0x3c7 C:\Users\erikb\AppData\Local\Temp\ccv7yzTx.debug.temp.o
 .debug_line    0x0000000000004980      0x1a3 C:\Users\erikb\AppData\Local\Temp\cc8tuaTP.debug.temp.o
 .debug_line    0x0000000000004b23       0xd3 obj/gcc8_a_support.o
 .debug_line    0x0000000000004bf6       0xb1 obj/depacker_doynax.o

.debug_frame    0x0000000000000000      0x6a8
 *(.debug_frame)
 .debug_frame   0x0000000000000000      0x5dc C:\Users\erikb\AppData\Local\Temp\cclen35j.ltrans0.ltrans.o
 .debug_frame   0x00000000000005dc       0xcc obj/gcc8_a_support.o

.debug_str      0x0000000000000000      0x57a
 *(.debug_str)
 .debug_str     0x0000000000000000        0x0 C:\Users\erikb\AppData\Local\Temp\cclen35j.ltrans0.ltrans.o
 .debug_str     0x0000000000000000      0x1ca C:\Users\erikb\AppData\Local\Temp\ccr0DAuM.debug.temp.o
 .debug_str     0x00000000000001ca       0x23 C:\Users\erikb\AppData\Local\Temp\ccyw8E14.debug.temp.o
 .debug_str     0x00000000000001ed       0x1d C:\Users\erikb\AppData\Local\Temp\ccnLEkEn.debug.temp.o
 .debug_str     0x000000000000020a        0x0 C:\Users\erikb\AppData\Local\Temp\cc6QBflG.debug.temp.o
 .debug_str     0x000000000000020a       0x94 C:\Users\erikb\AppData\Local\Temp\ccxflw6X.debug.temp.o
 .debug_str     0x000000000000029e       0xdb C:\Users\erikb\AppData\Local\Temp\cc8ECpYf.debug.temp.o
 .debug_str     0x0000000000000379       0xee C:\Users\erikb\AppData\Local\Temp\ccv7yzTx.debug.temp.o
 .debug_str     0x0000000000000467       0x80 C:\Users\erikb\AppData\Local\Temp\cc8tuaTP.debug.temp.o
 .debug_str     0x00000000000004e7       0x5e obj/gcc8_a_support.o
 .debug_str     0x0000000000000545       0x35 obj/depacker_doynax.o
                                         0x5f (size before relaxing)

.debug_loc
 *(.debug_loc)

.debug_macinfo
 *(.debug_macinfo)

.debug_weaknames
 *(.debug_weaknames)

.debug_funcnames
 *(.debug_funcnames)

.debug_typenames
 *(.debug_typenames)

.debug_varnames
 *(.debug_varnames)

.debug_pubtypes
 *(.debug_pubtypes)

.debug_ranges
 *(.debug_ranges)

.debug_addr
 *(.debug_addr)

.debug_line_str
 *(.debug_line_str)

.debug_loclists
                0x0000000000000000     0x1899
 *(.debug_loclists)
 .debug_loclists
                0x0000000000000000     0x1899 C:\Users\erikb\AppData\Local\Temp\cclen35j.ltrans0.ltrans.o

.debug_macro
 *(.debug_macro)

.debug_names
 *(.debug_names)

.debug_rnglists
                0x0000000000000000      0x30e
 *(.debug_rnglists)
 .debug_rnglists
                0x0000000000000000      0x30e C:\Users\erikb\AppData\Local\Temp\cclen35j.ltrans0.ltrans.o

.debug_str_offsets
 *(.debug_str_offsets)

.debug_sup
 *(.debug_sup)

.gnu.attributes
 *(.gnu.attributes)

/DISCARD/
 *(.note.GNU-stack)
 *(.gnu_debuglink)
 *(.gnu.lto_*)
OUTPUT(a.mingw.elf elf32-m68k)
